// Jest Snapshot v1, https://goo.gl/fbAQLP

exports[`Testing ToggleButton component renders as expected 1`] = `
ShallowWrapper {
  Symbol(enzyme.__root__): [Circular],
  Symbol(enzyme.__unrendered__): <CustomButton
    label="Hello"
    onPress={[Function]}
  />,
  Symbol(enzyme.__renderer__): Object {
    "batchedUpdates": [Function],
    "getNode": [Function],
    "render": [Function],
    "simulateError": [Function],
    "simulateEvent": [Function],
    "unmount": [Function],
  },
  Symbol(enzyme.__node__): Object {
    "instance": null,
    "key": undefined,
    "nodeType": "class",
    "props": Object {
      "backgroundColor": "#e32d2f",
      "iconOnRight": false,
      "label": "Hello",
      "labelStyle": Object {
        "fontFamily": "Muli",
        "fontWeight": "bold",
      },
      "onPress": [Function],
      "outline": false,
      "size": "large",
      "style": Object {
        "paddingHorizontal": 50,
        "paddingVertical": 10,
      },
    },
    "ref": null,
    "rendered": null,
    "type": [Function],
  },
  Symbol(enzyme.__nodes__): Array [
    Object {
      "instance": null,
      "key": undefined,
      "nodeType": "class",
      "props": Object {
        "backgroundColor": "#e32d2f",
        "iconOnRight": false,
        "label": "Hello",
        "labelStyle": Object {
          "fontFamily": "Muli",
          "fontWeight": "bold",
        },
        "onPress": [Function],
        "outline": false,
        "size": "large",
        "style": Object {
          "paddingHorizontal": 50,
          "paddingVertical": 10,
        },
      },
      "ref": null,
      "rendered": null,
      "type": [Function],
    },
  ],
  Symbol(enzyme.__options__): Object {
    "adapter": ReactSixteenAdapter {
      "options": Object {
        "enableComponentDidUpdateOnSetState": true,
        "lifecycles": Object {
          "componentDidUpdate": Object {
            "onSetState": true,
          },
          "getDerivedStateFromProps": true,
          "getSnapshotBeforeUpdate": true,
          "setState": Object {
            "skipsComponentDidUpdateOnNullish": true,
          },
        },
      },
    },
    "attachTo": undefined,
    "hydrateIn": undefined,
  },
}
`;
