// Jest Snapshot v1, https://goo.gl/fbAQLP

exports[`Testing ToggleButton component renders as expected 1`] = `
ShallowWrapper {
  Symbol(enzyme.__root__): [Circular],
  Symbol(enzyme.__unrendered__): <PlusButton
    onPress={[Function]}
  />,
  Symbol(enzyme.__renderer__): Object {
    "batchedUpdates": [Function],
    "getNode": [Function],
    "render": [Function],
    "simulateError": [Function],
    "simulateEvent": [Function],
    "unmount": [Function],
  },
  Symbol(enzyme.__node__): Object {
    "instance": null,
    "key": undefined,
    "nodeType": "class",
    "props": Object {
      "children": <View
        centerH={true}
        centerV={true}
        style={
          Object {
            "backgroundColor": "#2B313F",
            "borderRadius": 25,
            "height": 50,
            "width": 50,
          }
        }
        useNativeDriver={true}
      >
        <Image
          assetGroup="icons"
          assetName="plus"
          resizeMode="contain"
          style={
            Object {
              "height": 14,
              "with": 14,
            }
          }
        />
      </View>,
      "onPress": [Function],
      "style": Object {
        "bottom": 20,
        "position": "absolute",
        "right": 20,
      },
      "testID": "add-new-notification",
      "useNativeDriver": true,
    },
    "ref": null,
    "rendered": Object {
      "instance": null,
      "key": undefined,
      "nodeType": "class",
      "props": Object {
        "centerH": true,
        "centerV": true,
        "children": <Image
          assetGroup="icons"
          assetName="plus"
          resizeMode="contain"
          style={
            Object {
              "height": 14,
              "with": 14,
            }
          }
        />,
        "style": Object {
          "backgroundColor": "#2B313F",
          "borderRadius": 25,
          "height": 50,
          "width": 50,
        },
        "useNativeDriver": true,
      },
      "ref": null,
      "rendered": Object {
        "instance": null,
        "key": undefined,
        "nodeType": "class",
        "props": Object {
          "assetGroup": "icons",
          "assetName": "plus",
          "resizeMode": "contain",
          "style": Object {
            "height": 14,
            "with": 14,
          },
        },
        "ref": null,
        "rendered": null,
        "type": [Function],
      },
      "type": [Function],
    },
    "type": [Function],
  },
  Symbol(enzyme.__nodes__): Array [
    Object {
      "instance": null,
      "key": undefined,
      "nodeType": "class",
      "props": Object {
        "children": <View
          centerH={true}
          centerV={true}
          style={
            Object {
              "backgroundColor": "#2B313F",
              "borderRadius": 25,
              "height": 50,
              "width": 50,
            }
          }
          useNativeDriver={true}
        >
          <Image
            assetGroup="icons"
            assetName="plus"
            resizeMode="contain"
            style={
              Object {
                "height": 14,
                "with": 14,
              }
            }
          />
        </View>,
        "onPress": [Function],
        "style": Object {
          "bottom": 20,
          "position": "absolute",
          "right": 20,
        },
        "testID": "add-new-notification",
        "useNativeDriver": true,
      },
      "ref": null,
      "rendered": Object {
        "instance": null,
        "key": undefined,
        "nodeType": "class",
        "props": Object {
          "centerH": true,
          "centerV": true,
          "children": <Image
            assetGroup="icons"
            assetName="plus"
            resizeMode="contain"
            style={
              Object {
                "height": 14,
                "with": 14,
              }
            }
          />,
          "style": Object {
            "backgroundColor": "#2B313F",
            "borderRadius": 25,
            "height": 50,
            "width": 50,
          },
          "useNativeDriver": true,
        },
        "ref": null,
        "rendered": Object {
          "instance": null,
          "key": undefined,
          "nodeType": "class",
          "props": Object {
            "assetGroup": "icons",
            "assetName": "plus",
            "resizeMode": "contain",
            "style": Object {
              "height": 14,
              "with": 14,
            },
          },
          "ref": null,
          "rendered": null,
          "type": [Function],
        },
        "type": [Function],
      },
      "type": [Function],
    },
  ],
  Symbol(enzyme.__options__): Object {
    "adapter": ReactSixteenAdapter {
      "options": Object {
        "enableComponentDidUpdateOnSetState": true,
        "lifecycles": Object {
          "componentDidUpdate": Object {
            "onSetState": true,
          },
          "getDerivedStateFromProps": true,
          "getSnapshotBeforeUpdate": true,
          "setState": Object {
            "skipsComponentDidUpdateOnNullish": true,
          },
        },
      },
    },
    "attachTo": undefined,
    "hydrateIn": undefined,
  },
}
`;
